0: F0 90 90 90 F0
1: 20 60 20 20 70
2: F0 10 F0 80 F0
3: F0 10 F0 10 F0
4: 90 90 F0 10 10
5: F0 80 F0 10 F0
6: F0 80 F0 90 F0
7: F0 10 20 40 40
8: F0 90 F0 90 F0
9: F0 90 F0 10 F0
A: F0 90 F0 90 90
B: E0 90 E0 90 E0
C: F0 80 80 80 F0
D: E0 90 90 90 E0
E: F0 80 F0 80 F0
F: F0 80 F0 80 80
