611181107111C1111111A111F11ED111
811EB111211100EE00E0F129
null
null
