40
30
200
0
246
30
200
0
160
30
200
1
126
30
200
0
