Font loaded: seems to be true
Program loaded: 11112222
Program counter: 512
